// Jest Snapshot v1, https://goo.gl/fbAQLP

exports[`TickBitmap #flipTick gas cost of flipping a tick that results in deleting a word 1`] = `778839`;

exports[`TickBitmap #flipTick gas cost of flipping first tick in word to initialized 1`] = `778851`;

exports[`TickBitmap #flipTick gas cost of flipping second tick in word to initialized 1`] = `778839`;

exports[`TickBitmap #nextInitializedTickWithinOneWord lte = false gas cost for entire word 1`] = `54108`;

exports[`TickBitmap #nextInitializedTickWithinOneWord lte = false gas cost just below boundary 1`] = `54108`;

exports[`TickBitmap #nextInitializedTickWithinOneWord lte = false gas cost on boundary 1`] = `54108`;

exports[`TickBitmap #nextInitializedTickWithinOneWord lte = true gas cost for entire word 1`] = `54103`;

exports[`TickBitmap #nextInitializedTickWithinOneWord lte = true gas cost just below boundary 1`] = `54431`;

exports[`TickBitmap #nextInitializedTickWithinOneWord lte = true gas cost on boundary 1`] = `54103`;
