// Jest Snapshot v1, https://goo.gl/fbAQLP

exports[`UniswapV3Factory #createPool gas 1`] = `7716430`;

exports[`UniswapV3Factory factory bytecode size 1`] = `3708`;

exports[`UniswapV3Factory pool bytecode size 1`] = `22209`;
