// Jest Snapshot v1, https://goo.gl/fbAQLP

exports[`UniswapV3Pool gas tests fee is off #burn above current price burn entire position after some time passes 1`] = `1959958`;

exports[`UniswapV3Pool gas tests fee is off #burn above current price burn when only position using ticks 1`] = `1959958`;

exports[`UniswapV3Pool gas tests fee is off #burn above current price entire position burn but other positions are using the ticks 1`] = `1574692`;

exports[`UniswapV3Pool gas tests fee is off #burn above current price partial position burn 1`] = `1574775`;

exports[`UniswapV3Pool gas tests fee is off #burn around current price burn entire position after some time passes 1`] = `2328101`;

exports[`UniswapV3Pool gas tests fee is off #burn around current price burn when only position using ticks 1`] = `2199871`;

exports[`UniswapV3Pool gas tests fee is off #burn around current price entire position burn but other positions are using the ticks 1`] = `1762346`;

exports[`UniswapV3Pool gas tests fee is off #burn around current price partial position burn 1`] = `1762346`;

exports[`UniswapV3Pool gas tests fee is off #burn below current price burn entire position after some time passes 1`] = `2065097`;

exports[`UniswapV3Pool gas tests fee is off #burn below current price burn when only position using ticks 1`] = `2065097`;

exports[`UniswapV3Pool gas tests fee is off #burn below current price entire position burn but other positions are using the ticks 1`] = `1575311`;

exports[`UniswapV3Pool gas tests fee is off #burn below current price partial position burn 1`] = `1575311`;

exports[`UniswapV3Pool gas tests fee is off #collect close to worst case 1`] = `1025507`;

exports[`UniswapV3Pool gas tests fee is off #increaseObservationCardinalityNext grow by 1 slot 1`] = `936646`;

exports[`UniswapV3Pool gas tests fee is off #increaseObservationCardinalityNext no op 1`] = `892956`;

exports[`UniswapV3Pool gas tests fee is off #mint above current price add to position after some time passes 1`] = `1936695`;

exports[`UniswapV3Pool gas tests fee is off #mint above current price add to position existing 1`] = `1936695`;

exports[`UniswapV3Pool gas tests fee is off #mint above current price new position mint first in range 1`] = `2064523`;

exports[`UniswapV3Pool gas tests fee is off #mint above current price second position in same range 1`] = `1936754`;

exports[`UniswapV3Pool gas tests fee is off #mint around current price add to position after some time passes 1`] = `2585896`;

exports[`UniswapV3Pool gas tests fee is off #mint around current price add to position existing 1`] = `2457666`;

exports[`UniswapV3Pool gas tests fee is off #mint around current price new position mint first in range 1`] = `2862553`;

exports[`UniswapV3Pool gas tests fee is off #mint around current price second position in same range 1`] = `2457666`;

exports[`UniswapV3Pool gas tests fee is off #mint below current price add to position after some time passes 1`] = `1937754`;

exports[`UniswapV3Pool gas tests fee is off #mint below current price add to position existing 1`] = `1937766`;

exports[`UniswapV3Pool gas tests fee is off #mint below current price new position mint first in range 1`] = `2342360`;

exports[`UniswapV3Pool gas tests fee is off #mint below current price second position in same range 1`] = `1937766`;

exports[`UniswapV3Pool gas tests fee is off #poke best case 1`] = `1124276`;

exports[`UniswapV3Pool gas tests fee is off #snapshotCumulativesInside tick above 1`] = `225752`;

exports[`UniswapV3Pool gas tests fee is off #snapshotCumulativesInside tick below 1`] = `225714`;

exports[`UniswapV3Pool gas tests fee is off #snapshotCumulativesInside tick inside 1`] = `328323`;

exports[`UniswapV3Pool gas tests fee is off #swapExact0For1 first swap in block moves tick, no initialized crossings 1`] = `2121523`;

exports[`UniswapV3Pool gas tests fee is off #swapExact0For1 first swap in block with no tick movement 1`] = `1694661`;

exports[`UniswapV3Pool gas tests fee is off #swapExact0For1 first swap in block, large swap crossing a single initialized tick 1`] = `2579407`;

exports[`UniswapV3Pool gas tests fee is off #swapExact0For1 first swap in block, large swap crossing several initialized ticks 1`] = `3579483`;

exports[`UniswapV3Pool gas tests fee is off #swapExact0For1 first swap in block, large swap, no initialized crossings 1`] = `2386796`;

exports[`UniswapV3Pool gas tests fee is off #swapExact0For1 large swap crossing several initialized ticks after some time passes 1`] = `3579483`;

exports[`UniswapV3Pool gas tests fee is off #swapExact0For1 large swap crossing several initialized ticks second time after some time passes 1`] = `3569031`;

exports[`UniswapV3Pool gas tests fee is off #swapExact0For1 second swap in block moves tick, no initialized crossings 1`] = `2121523`;

exports[`UniswapV3Pool gas tests fee is off #swapExact0For1 second swap in block with no tick movement 1`] = `1694772`;

exports[`UniswapV3Pool gas tests fee is off #swapExact0For1 second swap in block, large swap crossing a single initialized tick 1`] = `2308377`;

exports[`UniswapV3Pool gas tests fee is off #swapExact0For1 second swap in block, large swap crossing several initialized ticks 1`] = `3308371`;

exports[`UniswapV3Pool gas tests fee is on #burn above current price burn entire position after some time passes 1`] = `1959946`;

exports[`UniswapV3Pool gas tests fee is on #burn above current price burn when only position using ticks 1`] = `1959958`;

exports[`UniswapV3Pool gas tests fee is on #burn above current price entire position burn but other positions are using the ticks 1`] = `1574680`;

exports[`UniswapV3Pool gas tests fee is on #burn above current price partial position burn 1`] = `1574704`;

exports[`UniswapV3Pool gas tests fee is on #burn around current price burn entire position after some time passes 1`] = `2328101`;

exports[`UniswapV3Pool gas tests fee is on #burn around current price burn when only position using ticks 1`] = `2199871`;

exports[`UniswapV3Pool gas tests fee is on #burn around current price entire position burn but other positions are using the ticks 1`] = `1762346`;

exports[`UniswapV3Pool gas tests fee is on #burn around current price partial position burn 1`] = `1762334`;

exports[`UniswapV3Pool gas tests fee is on #burn below current price burn entire position after some time passes 1`] = `2065085`;

exports[`UniswapV3Pool gas tests fee is on #burn below current price burn when only position using ticks 1`] = `2065097`;

exports[`UniswapV3Pool gas tests fee is on #burn below current price entire position burn but other positions are using the ticks 1`] = `1575323`;

exports[`UniswapV3Pool gas tests fee is on #burn below current price partial position burn 1`] = `1575311`;

exports[`UniswapV3Pool gas tests fee is on #collect close to worst case 1`] = `1025507`;

exports[`UniswapV3Pool gas tests fee is on #increaseObservationCardinalityNext grow by 1 slot 1`] = `936646`;

exports[`UniswapV3Pool gas tests fee is on #increaseObservationCardinalityNext no op 1`] = `892956`;

exports[`UniswapV3Pool gas tests fee is on #mint above current price add to position after some time passes 1`] = `1936707`;

exports[`UniswapV3Pool gas tests fee is on #mint above current price add to position existing 1`] = `1936695`;

exports[`UniswapV3Pool gas tests fee is on #mint above current price new position mint first in range 1`] = `2064535`;

exports[`UniswapV3Pool gas tests fee is on #mint above current price second position in same range 1`] = `1936695`;

exports[`UniswapV3Pool gas tests fee is on #mint around current price add to position after some time passes 1`] = `2585896`;

exports[`UniswapV3Pool gas tests fee is on #mint around current price add to position existing 1`] = `2457666`;

exports[`UniswapV3Pool gas tests fee is on #mint around current price new position mint first in range 1`] = `2862565`;

exports[`UniswapV3Pool gas tests fee is on #mint around current price second position in same range 1`] = `2457642`;

exports[`UniswapV3Pool gas tests fee is on #mint below current price add to position after some time passes 1`] = `1937766`;

exports[`UniswapV3Pool gas tests fee is on #mint below current price add to position existing 1`] = `1937766`;

exports[`UniswapV3Pool gas tests fee is on #mint below current price new position mint first in range 1`] = `2342372`;

exports[`UniswapV3Pool gas tests fee is on #mint below current price second position in same range 1`] = `1937754`;

exports[`UniswapV3Pool gas tests fee is on #poke best case 1`] = `1124276`;

exports[`UniswapV3Pool gas tests fee is on #snapshotCumulativesInside tick above 1`] = `225752`;

exports[`UniswapV3Pool gas tests fee is on #snapshotCumulativesInside tick below 1`] = `225714`;

exports[`UniswapV3Pool gas tests fee is on #snapshotCumulativesInside tick inside 1`] = `328323`;

exports[`UniswapV3Pool gas tests fee is on #swapExact0For1 first swap in block moves tick, no initialized crossings 1`] = `2163891`;

exports[`UniswapV3Pool gas tests fee is on #swapExact0For1 first swap in block with no tick movement 1`] = `1736890`;

exports[`UniswapV3Pool gas tests fee is on #swapExact0For1 first swap in block, large swap crossing a single initialized tick 1`] = `2621927`;

exports[`UniswapV3Pool gas tests fee is on #swapExact0For1 first swap in block, large swap crossing several initialized ticks 1`] = `3622412`;

exports[`UniswapV3Pool gas tests fee is on #swapExact0For1 first swap in block, large swap, no initialized crossings 1`] = `2429418`;

exports[`UniswapV3Pool gas tests fee is on #swapExact0For1 large swap crossing several initialized ticks after some time passes 1`] = `3622412`;

exports[`UniswapV3Pool gas tests fee is on #swapExact0For1 large swap crossing several initialized ticks second time after some time passes 1`] = `3611960`;

exports[`UniswapV3Pool gas tests fee is on #swapExact0For1 second swap in block moves tick, no initialized crossings 1`] = `2163891`;

exports[`UniswapV3Pool gas tests fee is on #swapExact0For1 second swap in block with no tick movement 1`] = `1737001`;

exports[`UniswapV3Pool gas tests fee is on #swapExact0For1 second swap in block, large swap crossing a single initialized tick 1`] = `2350735`;

exports[`UniswapV3Pool gas tests fee is on #swapExact0For1 second swap in block, large swap crossing several initialized ticks 1`] = `3351160`;
